46
10 13 15 18 21 23 24 25 26 28 31 32 34 39 42 45 46 50 51 52 54 58 59 60 61 64 65 68 70 71 72 75 77 78 83 84 85 87 88 92 93 94 95 97 98 100 