3:82:23 37.1.861
3:73:32 44.7.225
4:86:63 87.3.875
6:4:35 44.6.912
6:22:10 22.3.338
3:99:46 68.5.600
2:81:4 95.1.670
3:4:40 59.7.410
3:55:11 46.10.1033
2:96:65 99.4.987
9:29:34 61.10.994
4:32:76 2.9.40
4:37:14 6.3.870
7:6:57 53.7.252
6:20:50 33.6.346
9:82:96 44.9.428
2:50:92 74.6.811
0:71:35 74.6.256
4:62:95 26.3.2
1:27:71 76.1.131
7:90:19 76.8.289
8:45:35 100.3.171
5:77:81 59.6.287
7:98:50 80.3.249
7:7:6 53.1.517
0:10:27 89.1.466
3:43:35 98.9.549
5:66:16 24.4.184
7:12:85 72.7.813
0:77:56 28.4.924
2:6:45 100.7.591
7:27:88 74.1.1043
