12 79 34 23 81 88 37 10 91 6 20 19 80 48 99 11 35 85 15 46 24 61 64 66 92 74 44 67 96 43 50 18 41 33 94 62 22 100 51 14 28 47 69 73 8 30 93 65 39 90 84 63 56 86 0 78 82 32 95 76 49 42 87 53 98 60 77 75 13 97 68 17 9 54 1 38 71 40 45 55 26 5 72 16 3 7 83 4 89 57 70 58 36 59 2 25 31 52 27 21 29 