21 65 36 78 0 82 75 29 85 63 43 74 14 11 80 27 91 92 19 42 32 40 81 6 73 22 44 84 1 8 5 59 62 72 41 93 38 48 9 67 68 55 52 24 30 97 49 47 76 83 98 2 18 99 58 17 51 37 64 45 89 53 26 16 90 71 3 31 34 50 61 100 56 88 7 12 66 35 20 54 33 23 28 95 46 15 96 77 94 70 60 87 69 39 10 4 57 25 13 86 79 