51 9 10 37 82 30 29 70 78 50 83 24 76 8 5 71 87 68 75 32 69 97 62 15 4 0 60 88 64 17 61 100 98 99 7 44 59 65 93 81 47 73 91 92 2 45 33 22 90 80 3 14 48 11 27 96 40 77 74 13 86 54 12 25 34 52 36 89 72 26 55 67 19 66 43 41 31 94 49 20 56 42 53 16 46 63 79 1 23 84 39 18 21 85 57 95 35 28 6 38 58 