RPSPRRPRRSPP
SRRSRPSPPRRS
SRPRPSRPSPRS
RPSPRPSPRSPP
PSRSPRPRSPRR
SRPPPPSPPRSP
RSSRSPRSPRSP
PSRSPRSPRSSR
RPPPPPRRSPPS
RPSRSSPRRSPR
SRPSPRRSPRSS
PSRPRSSPRSPP
SSRRSPPRSSPR
RPPSPRRSPRSP
SPRPRRSPPSSP
SRSRSPRSRPRR
SRSSSRRPSRSS
RPRRRSRSPSPS
SSRPPRPPPSSR
PPSSSRSSPRRP
RPSRSPRRRPRS
PSRPRSSPRSSP
SRPSPRSPSPPR
RPSRSPRSPPRS
PSRPRRSPPSPR
PSRSSPRSSRPR
RPPPPRSPRRSP
SRSPPRSPSPPS
PRPRSPRSPSSR
RSRSPRSPSRRP
RPSSRSPPRPSS
SRPPRSPSRPSR
PSPSPRPSRSRP
PSPRSPRRPRRS
RRSPPRSSSRPR
RPRSPPSRSSSR
PSPPPSRPRRSP
RRPSRPPSPPPR
PPRRRPSRRSPR
SSRPSRPPSPRS
RPRRPSRRSSPR
RPSSRRPSPRRR
SRSSRPPSRSPP
PRSRPSPPPPRS
RPSSRRPPSRSP
PSRPPSSRSSPR
