SPPSRRPSPRSPRRPSSRSPRSRPRRRPSSRPSPRSSRSPPPRPSPRSPRRSPPRSPRPSSRPRPSRRPRSPPSPPRSS
RRRRPRSRSPRSPRSRPPRRRSSSPPPSRPPSRSPRRPRSSSRRRPSSRSPRRSPRSPSRRPSRRPPSSPRSPRPSSSR
PRRPSRSPRSPRSPSRPSRPPPRRPSSRPPSRPRSPPSPPRRPSSRPPSSRSPRSPRRPPPSPPPSRPRRRPSPPRRRP
SRPPSPSPSPRSPSRPSRPSSPPPSRSRSSSRSSPPSRPSPRRPPSSRSPRSPSPRSPPSRRPSRPRRSSRPRPSRPPS
RPSSRSRPRSPRSRPSPSRRRSSRPPRPRRSPPPSRSSRRSPRPRSPSSPSSRSRRSPRPPPSRSRPSSRPSPPSRSSR
SSRPPPRSSSPRRPSRSSRPPPPRPSRSSPRRPSPRSRRPRSPSPRSSRPPPSSRPPRSPSRRPSRSSPSPRRPRPRSP
PPRPSRSPPRSPPSRPSRRSSPRSSRPSSRSSRRSPRPSSPRPRPPSSRSPRRPPSPRSPSSSPPPSRSSRRSSSSPRS
RPSRPRSRPRSPRPSRRPPSRSPRRPSRSSSPSPRSRRPRRPSRSPRSPRSPRSPRSPSSRPPPSRPPPSRPSRPRSPP
SRPSPSRSSRSPRRSSSSRSPPPPSSPPPSRSSRSSPPPSPSRPSRSPPSSPSSRPRRRPRRRRPSRSPPRRPRSRSPR
RPSRPPPSPPRSPPSSRPRRRRSRPRRSSRPSPSSRSSRSPPRRPSSSRPRSPRSSRPRSPSSSRSSSPPRSRSRPSRS
PRPSSRRRPSRSSSRPPRPPSSPRPSRPRSPRRSSPRPSSRRSSPPRSSRSPRSSRPSRSSRRRRPSRPSPRRPSPSRS
SRPSRPSSRPPPRSSPSPSRSSRSPPSRPSRSPRRRSPPRPSPSRSPRPSSRRPSRSSPRSPPPPRRPSRPSRPSRSPP
PPSPSRPSRPSPRRSSRPSSSPSPSRSSRPRSRSPRSRRSRSPRSSRSRRPRSSRPSRSPPPSSSRSRPRRPSPPRPRR
PSRPSSRPRRRSPPRSSRRPRSPSSSSPSRRPSPRSSRPSRPRRPRSSSSPSSSSRRPSRSPRRRPSRPRSPPRRRRSS
PSRSRSSRSRPSRSPPPSSPSPSRRPRSPRSPPRSPPSRRPRSPSPPRRPRPRRPSSPPSSRSPPRPPSRSSRPSPRRS
RPPRPPRSPSRPRPRPRRPRPPSPRRSSRSPRRSPRPSRPSRRPRSPRSRSRRRPPPSRPRSSRSPPSRPPPRSPRRPS
RPSRSPSPRSSRSRSSRSSPPSRRSSSSRSPSRSPSSRRPSPRSPRSPRSRRPPSRSPSPRSRRPRRPSSPRSPRSSPR
SSPPPRPPRPPSPRPPPSRPSRPSSSRSPSSRPRSSRPSRRPSPPSPRSRPPSRSSSRSRSSPSPRSSRRPSPPPSRPS
SRSSPRRSPRRPPRRRRSSRSPRPRSPPRRSRSRRSSSRSSPSRRPPRPPSRPSPPPSPSPRRPRPSRPSRSRSPPSPP
RPSRSPPRSPRPSRPSSPSRPRSRSPRRRPRPRPPRRRPRSPPSSRSPPSRPRPSPRSPSRRRSPRPSRSRPRSRRPRR
RRRPSRSRSSRSPSPPSRSSPSPSPSRSSSPSRSSRPPSSPRPPRSPSSRPSPSRSPRSPRPPSPRPSSPSPSPSSRSS
PSRPSSSPRSPRSSPRPRPPRPRPRRPSRRSSPRRSSRRSPRSRSPPRRPSRRSPPSPPRPSRRSPSRPRPRPSRPSPP
RPPSRPRRRPRSSRSSRRPPRRSRPSRRPPSRSPPRRPPRSSSPPRSRPSRPSSSRRRRSPSRPPRPSPRRSPPSPPRP
SRRPRPSSPRSPRPRRPRSSPRSSPPRPSRRPSRSPRSSRPRRPPSRPSRPRPRSSPRSSPSRSPPRRPPSPSSRSPPS
SRRPSRSPRSSRPSPPSPRRSPPRRRPSSRSPPSPPSPPRRSSSPRRPSSSSPRPPRRSRSRPSRSPRSPPSRRPRSPR
RPSRPRPPSSRPSRPSRSSPSPRSPPSRPPSPSSPPSSRSPPPRRPPSRPRSPRRPSPRPSSPPRSPRSRRPPPSSPPR
SPPSRRRRPRSRSSRRPRSPRSPPRRPRRRRPRRSPRSSPPSPSPSRPRRSPRRSRSPSRRPPSSSPSSRRPSRRPRSS
PRRPSPSPPRRPRPSSSRSRSPPSRPPSSRPSPPSPSPRRRRSPPPSRSSPRSPPSPPSRSRSRPRRSPPRRRSSRRSS
RSRRPSRSSPPSPPPPPPRSSPRPSSRSPSRRRRRSPSPPSPRRSPRSPPPRSPPSPRPPSRPRRSRPPSRRPSPSPPR
SRPSRRPSRSSRSSPSRSSSRRPRPPRRPSRPRSPSRRPPSRSSSPSSRRSSPSSRSSRPSRPSRSSRRPPSPRRPRRS
PSSRSRPPPSRPSRPSRPRSPRSPSRRSPPPSRPSRPPSRPRPPRSPPRRPRRRPPRSPSSRPSPRSRPSRSRPRRSSP
PSRPSSSRPSPRSSPPRRSPPSSPPSPRRRRPSPPSSRPRRSRRRPRRSRSSPPPSRSSRPSPRSSPSPSRRPSRSPSR
RPSRRPPSSRSPPRRRRSPPSRRSPRSSSSRRPRPSRSPSPRSRSSRSRPRSSSRRPRRPSPPRSPPPRPPSRSPPPRS
PSRPSRSRPPSPPSPSPRRPSPPRSPPRSRPSPPSRPPRPRPSPRSPRSSRSRPPRSSRPRRSSSPSRSRPPRPRRSPP
SRPSRPSPPSRRRPPPRSSSRSSSPRSPRSRSRRPPSRRPSSRSSSRSSRPRSPSRPRSSPRSPRSPSRPSRSRRRPRR
PSPPSRRRRSPPPSSRSPSRPSRSSPPRPSRSSPRRPSSPSRPRSPSPPSSPRSPSRSSRPSPRRPRPSRPSPSPRSPS
RSRPSRPPSPRSRRPRSPRRPSPRRSSPRRPRRSPRRPPSRPSPRSPRRSRRRSPSSRPSRSPSRSPRPSSRRPRSPPR
SPRPPPSRPRSPSRPRRSPPSRRSPPRSPPSPPSSSSRSPSSRRRRSPSRPSPRSRSSRPSPRPPSPSPSRPRSPPRSS
SPPSPPSSPRSPPPSRPRSSRPSSRSPSPSRPPRRSSRPRPPPSPPRSPSPPPSPPRSSRSPRSRRSPRPPSPPRSPRR
RPSRPSRPRSSRSPPSSRRRPPPRSPRRSSRSSRPRRSRRRPSRPSPRSSRRRPPSSRRPRSSSRPRRPSPRSPRRRSP
PRPSPPSRSPPSPPPSRPPSSSRSRSRPSRPSRPSPPSRPSPPSSRPSPPSPRSPRSPRSSPSRPSRPSRPRSRSPRSP
SPPPPRPSPPSRPSSRPSRPRRRPPRSRSSRSSRRPPSSRPRRPPSRSPRPRRPRSSRPRSSRPPSPPPRSPPSPRSSR
RPSRSSRPRSRPPRSSRPRPSPRSSSSSPRSSRPPSPRSRRRSRPPRPRRRSSRSSRSSRRSPSRRPSPRSPRPRSPRS
SPPRSSRRRPSSSSPPRRRPPRPSRPRSPRSRPSPRRSRPSPPSSRRPSPRSRPRSPRSPPRRRPSPRPSPRRRRSSPP
PSRSSRPSPPSRRPRRRSSSRSRPSPSPPSPSRRPSSPSRPRRPPSSRSRSPSSRPRSSRSPRSRSPRRPRRPSPPRSP
RPSPRSSRPSRPSPRRPSRPSPSRSRPRPSRPPSPPPRSSPPSPRPSRPRPRPPSPRPPRSRSPSPPSSPRSRPRSSPR
