PRSPRSPSRSSRS
SRPRSPSRPSPPR
PRRSPPSRSRSSP
SSPRRRRPSPRRS
RPRPRPSRRRSPR
SPRSPRSRPSPPR
SRPSPPSRPPRSS
PSPRSPRPSRRPR
RPPSSPPRRPRRS
RPRRRPSPSSPRS
SSRPSPRSSRRSP
SPSPPRSPPPRSP
RPSPRRPRRSPRS
RPRSRSRRRPPSP
PSPPPRRPRRRPP
SRRPSPPSSRSRS
PPSSRPSRRPRSP
RRPPRSRPRSPRS
RPPPSPPSRSRSP
PSSRSRRSPRSPR
SRPRSSSSRSSPR
PSPRSRPRRPRSP
RPRPRRRSSRRPS
SRPSSPRRPSPPR
SRSRPRSPSPPSR
RPSRPSPRRSPPP
SRPRRPRRPRRRS
RPSPPSPPSPRRP
PSRSPRSSRPSSR
RPPPPSSPRRPPR
SPSRRPRRSSPPS
SPPSPPSSPRSRP
RPRPRRSPPSRPR
RSPRPSSPRPPSP
PPPPRRRPPSPRS
SRSSPPRSSRSPP
PSPRSSPPRPPRR
PSRRSRPRPSPRS
PSRPRRSSRRSSP
RPPSPPSRRPRSP
SRRRRSPPSSPRR
SRPPSPRRSRPSS
RPSRSPRRPRRPR
SRPRRSSRRSRPS
SRPSPSRPSSPRS
PSRSRSSRPRRSP
RPSSRPPSPSSPR
SRPPSRRPRPRSP
SSRPSSSPRPSPP
RPPSRPPRSRSRS
SSRPSPPSSRPRP
PPSRPPPPPSPSR
RRPSRSSPPSRSS
PSSRSRRRSRSPP
PSRPSPPRSPRSP
RRPRRPSRSPRSS
PPSPRRRPRRPRR
SRRPPRPSPRSSP
RRPSSPSRRSRSR
PRRRRSPPRSPRS
SPRPPPPSPRSPP
RSPSSSRRRSPRS
PSSRRSPPRSPPR
SRPPPSRSPPRSP
SSRSRPRPRRSPR
RPRSSRRPSSRSP
SPSPPSSRPSPRR
SRSPRRSSSRSPR
PSSRRPRRSPRSP
RPSRPSSPRSPRS
PSPSRRPPSSPRS
SRSPSSRRPRRSP
RPRSPPPSPRSPR
SSRSSRRPRRPRR
RRPRPRSRSSPSP
PSSPRSPSPRSSR
RPRSPRSPRRPPS
