(5,1) (5,2) (5,3) (5,4) (5,5) (5,6) (5,7) (5,8) (5,9) (5,10) 
(1,6) (2,6) (3,6) (4,6) (5,6) (6,6) (7,6) (8,6) (9,6) (10,6) 
(1,2) (2,3) (3,4) (4,5) (5,6) (6,7) (7,8) (8,9) (9,10) 
(10,1) (9,2) (8,3) (7,4) (6,5) (5,6) (4,7) (3,8) (2,9) (1,10) 
