I
265
354
470
163
660
308
798
654
333
154
392
442
861
961
350
700
796
432
592
396
702
926
91
485
194
531
975
827
623
763
166
401
160
712
439
417
533
889
892
401
627
688
89
26
856
879
176
454
22
771
234
505
859
155
591
554
435
358
637
368
392
947
355
424
59
691
840
594
186
767
907
100
88
361
728
838
891
122
805
411
343
811
89
382
294
769
987
921
562
429
311
371
917
120
691
893
800
990
549
168
166
724
641
280
239
791
863
253
639
408
707
159
145
61
526
999
121
718
113
635
771
922
881
384
811
668
943
459
174
688
657
404
307
396
932
685
629
310
310
436
586
930
397
194
773
108
392
993
53
555
625
837
354
912
933
717
251
30
82
764
648
888
349
597
908
387
856
390
