0:0

1:2

2:3

2:3

2:3

4:3

5:5

5:5

5:7

5:8

5:8

7:8

7:11
1:2

2:4

3:4

3:4

3:4

3:4

4:6

4:8

6:9

7:9

9:9

9:9

9:9

10:12
0:1

0:1

4:1

4:1

6:1

6:1

6:1

11:2
3:2

3:2

3:3

3:3

4:4

4:5

4:6

5:8

5:8

6:9

6:11
1:0

1:0

4:3

5:3

5:3

5:7

5:7

5:7

5:7

5:9

6:9

6:11
5:0

7:0

8:1

10:2

11:3
2:6

4:7

6:11
1:1

1:1

3:3

5:6

5:6

5:6

5:6

5:7

7:7

8:8

8:9

8:9

8:9

11:9
0:0

1:0

5:4

6:5

0:0

1:2

2:3

2:3

2:3

4:3

5:5

5:5

5:7

5:8

5:8

7:8

8:13

9:15

10:15

10:15

10:15

10:15

11:17

11:19

13:20

14:20

16:20

16:20

16:20

17:21
0:3

0:3

4:3

4:3

6:3

6:3

6:3

14:6

14:6

14:7

14:7

15:8

15:9

15:10

16:12

16:12

17:13

18:15

18:15

21:17
0:1

1:1

1:1

1:5

1:5

1:5

1:5

1:7

2:7

7:9

9:9

10:10

12:11

15:18

17:19

19:21
1:3

1:3

3:5

5:8

5:8

5:8

5:8

5:9

7:9

8:10

8:11

8:11

8:11

11:11

12:11

16:15

17:16

