1:3

1:3

1:5

1:6

1:6

1:6

2:6

2:6

3:6

4:6

4:7

5:8

5:8

5:8

8:9

8:10

8:11
0:0

0:0

1:1

2:2

4:5

6:6

6:7

6:7

6:7

7:9

7:9

9:10

12:10
0:0

0:0

0:2

1:2

4:4

4:5

4:5

5:5

5:5

6:5

6:5

9:5

9:5

9:5

11:6
6:3

6:3

9:5

9:5

9:7

11:8
0:0

1:1

1:1

5:1

6:3

7:3

9:3

11:5
0:1

0:3

2:3

3:3

5:4

6:7

7:8

7:8

8:8

11:8
0:0

0:0

0:0

0:0

0:0

1:1

2:3

2:4

2:4

2:5

3:5

3:5

5:9

6:9

8:10

8:10

9:11
1:0

2:1

2:1

2:1

5:1

6:2

1:3

1:3

1:5

1:6

1:6

1:6

2:6

2:6

3:6

4:6

4:7

5:8

5:8

5:8

8:9

8:10

8:11

8:11

9:12

10:13

12:16

14:17

14:18

14:18

14:18

15:20

15:20

17:21
0:0

3:0

3:0

3:2

4:2

7:4

7:5

7:5

8:5

8:5

9:5

9:5

12:5

12:5

12:5

20:9

20:9

21:10
2:1

2:1

2:3

4:4

5:5

5:5

9:5

10:7

11:7

13:7

15:10

15:12

17:12

18:12

20:13

21:14
0:2

1:3

1:3

2:3

5:3

5:3

5:3

5:3

5:3

6:4

7:6

7:7

7:7

7:8

8:8

8:8

10:12

11:12

13:13

13:13

15:14

16:15

16:15

16:15

19:15

20:16

