4 6 3 7 0 
4 4 1 1 7 
6 2 2 3 5 
8 4 6 6 1 
5 6 7 4 9 
