73332516319.5025841709194198995988929620545565905438933990834967209338768653139097812906789