84739614387.07856439079319243363113689549518326420893355225129445618269563441001188580368