66506565208.18408548841313442335869132029646582592439507317105649297281363693294347209951