147510998351.0845527896675071199573324663164763158613739346782901420911952092345994778385006