105,119,127,127,133,163,165,171,175,177,191,191,197,209,211,213,229,229,237,253,261,299,301,301,319,319,337,377,377,379,415,443,461,463,473,485
