53,61,63,65,71,75,77,79,83,85,93,95,97,99,99,103,105,109,113,117,119,121,123,127,127,129,137,137,153,153,163,167,167,173,173,175,189,197,197,203,203,225,227,229,231,233,239,241,243,247,259,261,269,277,283,289,309,309,315,317,317,319,321,323,325,331,337,343,347,347,349,359,363,365,367,367,377,377,385,391,391,391,391,393,403,407,417,417,421,423,427,431,433,443,447,449,449,457,459,459,481,483,493,493,499
