[VLe`IVo`B\y\Wr_^\DKNKHH^WJb\LQWKXvoirhNLP[okdSRo`Nary[@F^f[abbUJF<LYdheV]`Ibe\krruy{n[R