@[i_ZIDADZ^Saicakx_ARjjdgaNbs_OGa{fgvnVOYa`WTMLJbjjpRGZWK\slabbUJF<LYdheV]`Ibe\krruy{n[M