ZWaQKfc_qbTOJ_aXW_aXieS_ZA@KQSRduiVBVXUVA?]shQJaflxppdZWK\slabbUJF<LYdheV]`Ibe\krruy{n[a