better
worse
worse
worse
better
better
same
better
worse
better
worse
worse
worse
