186
4 akbal 169
12 lamat 887
10 mem 4998
1 canac 4942
4 ix 2123
8 kan 2387
6 mem 1612
3 caban 4980
11 muluk 1988
3 cimi 3414
12 ok 3521
12 ik 988
3 kan 3689
10 canac 3364
3 lamat 522
12 manik 1353
9 cib 982
2 caban 1583
13 cimi 5318
11 manik 881
11 canac 1550
12 caban 1298
8 ben 4392
2 caban 5071
9 chicchan 3240
9 cimi 399
2 akbal 4066
8 akbal 1466
7 ben 1354
1 eznab 2612
1 mem 2049
3 ix 1606
2 ik 5184
1 ben 1618
9 canac 5200
2 ok 348
3 manik 2987
6 ix 2909
13 muluk 1977
7 chicchan 708
2 eb 4812
7 caban 1011
10 ik 4061
4 eb 455
3 lamat 5245
8 mem 3392
10 kan 95
6 canac 1203
13 chuen 5318
10 chuen 4413
7 caban 1292
13 ix 106
10 eznab 724
5 ok 2449
10 akbal 4105
9 eb 3830
7 mem 3178
3 ben 4189
8 eb 3757
8 ix 994
6 manik 2863
4 muluk 4386
12 eb 3257
8 ik 4391
11 cib 157
8 eznab 1449
2 caban 1511
11 ok 483
11 lamat 4133
3 ix 2477
11 cib 62
3 akbal 2292
12 eb 1567
10 akbal 1606
2 chuen 1909
10 cib 2752
13 manik 3313
9 ix 3443
2 muluk 4133
1 manik 1551
9 ben 4391
7 cimi 1809
7 manik 4240
3 mem 4223
2 canac 1393
12 manik 3229
6 kan 3847
7 mem 2847
5 cib 5487
4 manik 1965
1 chuen 5498
11 cib 4695
4 ok 3437
8 lamat 3370
7 eznab 1966
7 ik 152
3 ben 1135
5 kan 4976
4 muluk 287
11 chicchan 1847
1 chicchan 321
2 cimi 887
7 eznab 5037
11 eznab 573
8 kan 4172
5 cib 820
6 chicchan 579
9 ben 2151
10 mem 3544
9 canac 1179
11 chicchan 2589
2 chuen 5262
2 cimi 4723
13 eznab 2903
12 chicchan 2364
7 ok 376
1 ik 3953
13 eb 3926
8 chicchan 2650
7 manik 4089
8 chuen 3745
9 lamat 2780
4 cimi 461
11 ik 3431
7 mem 2369
12 akbal 1106
3 ben 3639
1 ben 4594
1 eb 3835
3 akbal 5599
7 eznab 506
13 caban 2612
3 cimi 2212
11 ik 1864
2 chuen 3571
11 lamat 4813
2 manik 3291
5 canac 1348
12 eznab 3100
5 canac 505
13 ok 3425
4 kan 1478
9 canac 3937
2 akbal 5026
12 ik 2129
12 cib 3880
13 akbal 3381
12 cib 1915
4 eznab 5615
13 manik 1342
5 eb 3633
4 akbal 3887
3 muluk 3078
8 eb 2511
1 cimi 4611
12 chicchan 3066
11 ok 2409
1 eznab 1808
1 ix 309
10 cimi 1117
3 manik 2757
2 cimi 118
9 chicchan 1427
13 ix 2134
8 mem 803
7 akbal 3616
3 ix 556
12 manik 1511
2 ok 634
13 muluk 421
12 chicchan 4802
7 chuen 5195
10 cib 3021
8 eb 674
11 ben 3678
8 chuen 1196
10 eznab 2780
10 eb 2915
10 mem 438
2 eb 1550
4 cimi 2061
7 cib 2650
9 muluk 1562
2 mem 4549
2 ix 1747
10 muluk 3106
