000011101010110000110011011100110010011000101001001111000010100000011000001000000100100100000101010001110100111011010100001000111001010011001001