000111011100010010001001010011110000110110010101000011000100010001101101000101101010011001101101010000010110010101111101100100100001110001001101110011111011111000001101110001100010001110100000000001010011101111001110111110111111110111010000101000100010011010100011000101000101010000010101110110000101101100000110010110000000100011101000000011