19x^53+11x^52+x^51+76x^50+92x^49+14x^48+9x^47+51x^46+55x^45+77x^44+85x^43+29x^42+67x^41+99x^40+61x^39+46x^38+11x^37+94x^36+39x^35+46x^34+9x^33+50x^32+41x^31+54x^30+38x^29+24x^28+93x^27+54x^26+32x^25+8x^24+79x^23+11x^22+46x^21+26x^20+72x^19+94x^18+70x^17+51x^16+60x^15+11x^14+22x^13+62x^12+48x^11+25x^10+50x^9+24x^8+27x^7+28x^6+29x^5+3x^4+11x^3+14x^2+5x+65