3,11,5,3,10,3,3,6,4,11,2,8,10,2,5,7,5,2,4,11,8,7,3,4,2,7,4,3,3,7,4,7,7,3,3,3,4,3,6,2,4,4,2,4,4,2,4,8,1,6,6,11,3,7,6,9,4,3,4,3,6,2,7,6,2,10,3,2,6,2,3,6,4,2,5,11,7,3,3,9,2,5,4,5,10,2,8,2,7,4,6,6,4,5,9,2,7,2,10,3,7,2,2,5,5,6,9,5,7,2,3,3,2,8,3,9,4,6,10,2,5,5,3,10,6,7,6,6,2,9,5,7,9,5,3,4,7,8,3,3,5,5,1,7,2,7,8,6,6,4 