4,5,2,3,7,9,3,6,10,7,1,5,2,3,7,2,5,7,4,5,1,6,4,7,7,6,3,3,2,3,8,2,5,3,4,9,4,7,3,5,6,4,5,1,4,3,4,3,8,3,5,7,3,4,4,3,3,5,11,7,8,3,3,4,7,3,5,8,4,4,7,1,6,5,1,4,11,7,5,4,4,3,7,6,2,6,3,4,7,6,2,3,6,2,6,5,2,8,6,5,2,9,3,4,2,2,10,3,4,1,7,2,5,2,4,8,6,4,2,8,2,13,8,3,3,1,6,2,3,7,5,2,5,3,7,4,2,5,10,4,4,3,7,2,5,6,4,3,6,8 