795 876 906 569 608 724 203 776 330 200 545 733 520 113 691 904 371 814 228 544 690
885 908 908 116 430 250 47 989 561 152 683 67 504 844 647 88 299 603 909 565 278
244 441 641 254 449 270 780 225 718 366 955 814 819 32 516 624 301 218 732 967 760
299 721 837 68 406 312 104 376 728 160 130 916 892 868 415 713 397 987 603 642 193
665 129 855 9 125 871 714 23 646 383 571 967 802 858 590 549 597 216 75 289 245
347 434 329 695 118 114 191 99 384 889 800 741 481 574 103 679 396 659 866 744 312
372 569 756 306 428 341 500 944 512 819 582 290 601 923 410 651 525 414 984 501 827
289 717 558 934 613 49 848 35 891 413 393 367 299 84 504 944 765 607 987 116 90
