JKSG is substring of JKSGFUYGJHCFVGUYWTFGSDUYGFUYGSDFJHGWIUGFGWEURYGSJDFGVUYWGFDHWEUYGFVEWUYGFHJWGUFGVFYUWGHCFVWUQYVFHSGUVFJHGJSDHVF