44853359884261477295604960271441629886448761289746385005490267542917540630170608735696068801653191755326537635514427921985135276469623220882643826514382671243061972128715461076904461286431627457194260951341807403607115574374634487328153627898923809339912847511239120208746868538774788787884794250397455436755141836725132134710446381784932878674548402660255878584527212834831705940