11143129105034940433017724206522133726521973786182017545156023053459508707248891538892288705534801651829441569352307545853034622257989847503640742183528820289302874425721626967752825437239647372318797419015707559655842280562260667162831015641413987344565859943107524491153741042057063135462776458959034867752507607647757810428678606482256157074400363461400051723269201268295867608