26286518345558029064322143202817084211561771075354031967874476471936914790119396889271790844891598697813529154269252593322757895379963065390840387925430728405921629459227636260161268301066271746524545126562450777705615787390499460409944707367911679536240623676378546713684213340567836353442069993438603172982991685219085731711982638759633492405956025341732881201801830041199401244