1477
1EKLHE907
D75C2E3
11231424431324212314441040344103
371762325663405666
AE56EEB0A3B0
2553
GHA8M167H2DN5
1558A
DD9GA0C92
11101100110
2100200131211303111213301204032324421
11000001011101101101011010011001000000
1095B28B7
10032031452352414
15987515
0
6B1B8B7B9BB024
2709511526757462
0
7185CHCF3G
9G6K2F
153DC1
7
C8B2DFA03F
37F
261CI21B
3200872651
24AAH5IKBJ9G
7D3BB4B6
1J
C9120HCGD9
1A
2FA
10100011011110
100011011100101110010000100101111000000001010101101011111100
25E550E
1111021122112020112022022211212012111110022121001000211200200100210110
316512AA255
431486G7639
3O
466540136561
258EC
2B0
2232292859
1B1205B2180C43
166773676017214
1867CEB4D6
205
3GGE4926
840BAFD0AEAAD
699C85AB25770
862376194954465629
5413162263633436
1E2236KB10L64KEK27GJLL
85157A4E98
1D
