133223321201330212
26F70B3HD
7463635
127821327
3789
10100200011212010110010110
F592
994520949
J689935M
5036206023550361
1
198969
20220
101322311112321301123330301023022012
5
2EF300D435
11423130004030040311003014
133664
1A098823C9ABC
FPFI8
1AA70
20233324164410254
110010100110111000010011010100011011
4AF
62261638820268155711
17075851
79
1268AH5G
1011110010111000100111100001110111000111101011010011000110101001110111000111110010101101
710
14J6BKFC8LD80GCFKMI4EOO
355
A9
2366A4C1A
