273775682005582251725123
2DC6B724275566A5
167AB673A
81745
G7FJ
111110100011111000010011101001011
23222102512312521
1B83CD072B
3412431425300113542040
520512A8638603725
6JA6
22613008710327
12120211102201210222021100210211221
15253015013454142
