1402 1458 1386 2681 986 3687 1116 1534 2653 158 2700 3160 3284 4396 1576 176 2096 347 2256 