1724 3561 1439 2794 1951 981 3029 4939 2683 2467 341 1153 4063 1853 2309 4364 1725 142 1534 2205 1715 3825 1793 2286 3992 817 2083 3405 4344 2758 119 894 3662 1078 1357 3385 586 1777 4318 3659 2129 3057 2407 247 1470 1658 2396 