LGTAXHO GQFQMJJ KTNIMVQ VMSENPV SHPBVTN HXNUCAB KVVAHSE KPHDGHA GMFXHHC VMXCLYW
GCEYOPC LRONXKX KGXIHEE VDHDKAN FQWUVBS YBTZZFO QMSJGVX MHJTDYY SGYSIDD WHHPHXP
JZJHKHA VXZLGWL AKMYXQF LTKXJPB CBIQJDW WRIKQRZ UUQIHYG