bpxseipy ZNDLOYJA
azpezzos JDOMEOPJ
ptpibkva LEQDFRNB
dftpuvpd ACAJGWTU
gsqrkxrk IGNAEVJF
qcmdeegi TYOVZXYC
pzmckmbw LORTDBCD
xzbzuqlc WGWJOONE
vclqxnfp MYUSGEJO
sndisyjp PQVDBMNS
rwqbgljb VWRNESTR
uauokdmt CZYCGOMB
vejoxnew VQCEVGCQ
fknvjxoj LMEIXGCQ
egvpasoe IXXYIZPA
ecavirxi GUMTQNZP
jbzouwit ABYNVNAA
uxbwvupe DFWKADHC
mrbnjrem IWBUOADR
cmruggrr LAFSYAST
qnxtyxzs NITKNMEZ
nauyagyz QVHTUCBI
lsumqtoc QWJULHIN
sbcohehy HFJYABHV
pgxujipt FHSADYMT
rjwnxvhq KKXJOEUD
zrmboipz YZOUPLCV
lnejrtcf KRFXOYFE
fubptcjf DVOWDSBW
buspnyan UHFMSFGH
xqfbocps RYZBBUWZ
luvtliut EGAWTEJC
ppqzgbwk ZAQFTTJZ
yxtftwzh BOJUZWMT
lblwnhje BEKSMRII
ksyorgus IFBIWJTY
oobvisvl KOURJZGX
oyqdyxcm MGJTJXGT
mchwosyu VFJXQRNT
tksutghq XURBGUNN
evipgump ENIRYSGH
hfxgjkdk ECDZKGIA
ltnwvxql RNSKAMYL
meutepzf AQYTJWYZ
ehsaypsn LMHFWUQI
eyqwgdfn LQVIKLVS
zjkgyozk KFKHKCUX
uluhrrwn SNYOIEEX
ihfbycqu DOYJGOCS
xaaojynf RGMALVTW
tiyfzsys FNPDBIGT
kzbkhjla RVBKGMLB
hbjucvvz OYCNOIPW
xhqxianz RFCXYQHU
mielaxle DRIZSSGM
lvoegkyr VQOGLLTG
nkclmvhq HYDYHTPJ
hdcmacdg DSYCFRKJ
xnijwbyr FSYKKBYX
yffslgxj NTEVYRHM
ubmkbbbz DRVNLVAK
dduglxah YXDHIZJW
gctnbbit UDZPPLLD
scqwqwys PBRFVDBU
zfedxrki OLPQJLMK
umozmylz OYRNYWLD
hnwmqzul MNOBQIJI
fbqanfym MPBOEOAW
uqflzjqi SYEBHHHT
ihmykwob HCQMZEPH
xutpsgob EJKJSXDW
bgfadkny BGQFWWAG
dbxhwzlg UOASRXCJ
yzmxzoal OKFWVMQC
rxjrzxjq OLLAQHHF
vickeuyf LWTNSCON
xsjeopji FWJJGRJY
akjhcfuu BXAYGQMR
ocxvfzzr GMVCXUPZ
rvbwwmnw YMHUTHXQ
bfwlpkhl VKEMAUUO
uezljggh SKDVYKMY
gswnkicf VTHJCBFQ
kbebklgy FXAPMKJE
jkgevlzo OUNGNEGR
azszdtqn CRBKTMKF
imhhtvbj HIUPHYCH
rvluhhww RCIUTQZP
hbosbrra UHPXJOGC
pvbqlglf BULXFEYL
pmqwzcde MIEYXEVG
focewgmb QSSUCMDQ
tktdenvr WFHYYYTB
uuoyfimi XXAEUOZF
fustotkl HEWCPWZX
zhfcpnvh FIMAFFHO
nvyiloyw AWWDDKAR
badasoxl QAGLYMNP
bhygqndn KPKMIGGW
fmdwdpbp XCBMAUXZ
nbjrnydu ZKAZFNUB
tcneduvf EMRYLKCY
atmdjocn YVLYUVQK
eofapthb VDGAPTOS
eiimbsyf UASJGGQF
adybvjxo OEQXQWEQ
zvfwynja XLLSFMKZ
pgwvglcq UXXOPGJS
uqzlhjgu XBPOEEYZ
lerwvufd ZAJJXSMT
qduvyout VGFCFJRL
qfyfxoup OPDWDBHI
rmcaexqq PCWGCWUR
bsjegrkd FUJTEZEY
ctmmibxj NJBZOGRK
xkrpylzu YDAMYSAO
wpucfbcj CFNOQHBX
rlhocteb OCIJMMEI
drdhcltz SNSJTVIO
ptmfpgzo APBXGFCI
plidickc MWFWGVCI
ummshzko RALXAGKN
rhcfpbrd EBDDEGNE
hhdlivlv BTPMTILF
bmuufyhk ZNYUEZKK
tqsqtvxz BFMTSRTH
godginkf FFPJTZHV
xmjqqgsq UAFIONYS
aohxqhfp UNXHXTUE
eeprsqch NVSVGQJB
iusdoejn HKECBZGI
yklbbxhy BOTNXCDD
tjowrami NAEYHOHE
qpqgfabn ITVIHNOA
gpobjold PEJEGVKL
dfarejti OPQSLVBO
wbiwybak MVPGRTTA
gkbyvwul IGFYJAJN
iviurrkp FROGEHES
oudwnuel IAWGHMPJ
gxxanoyk MYWFZAAN
rfuovolh JYABDXDA
ttierbri EZJHVDNA
nstydalq PDAXAOGR
qdgrtpct TRVXAZSF
kuvafskb CYGBLBUD
yuinitcj IGYXLZMV
cwnnassc NQMYNGOH
rwixnefc FSOYGXXN
jxmnbeqm IWQTJNFE
syqwhyhl COAPGRMJ
brziudvt KGXDRIJX
tdrcgsnk OEYYPRVK
kycsmxoj OJMXIGUN
mqscgmem ILJOOALL
tgwbplyi BCFHKPKF
gprpocyb COCPKSJC
irsntaff IDIHANGT
czskyina MARZTKDT
uiyxfoyk EEIRXFRH
eqdoazjr USKIOAOJ
mthornjr FRRMNFEY
aioshbpl EMTKTMIE
yhtdanvb IITVJEHZ
lihwkiff FNBXSDAY
tsfyvski EUGDZKZW
ksnlrvxd KILOODDP
fklktlsj UDKCRNMJ
tlbnilid LLEOZWHL
oucgtejp SUKNDLBG
gsxlilvk SFQWHSRQ
gpekhjuh NXOSCJYI
dstorpqw PPVBHFPD
kpajzxce JSNVPMDP
focwgbup RBFIORPX
yuyefchl PRZIJCHF
snzwytqi WXDGHOXA
zuptqeub QMSVYSCP
czditrco GHUFJZJG
yxxeifhx PXQTDQCP
thstzxbz MKWJUEDM
jxguarjs UJOPEWKG
iwoofzwu CVRHOEYM
bwniwuah DBZQNMVJ
neloafli ODXGXGAB
ercopjyn RALANIES
bfhxgntm ZZJZULWJ
epbptaqf IVJIFFPQ
fijjvuaf OZKLLINJ
kraoycro QEAADCZC
xorqupcz ZIKQUHKU
xcmebnhc RXNNDLSA
whrnxkgu XSPSPNBO
irwkzdus WLTFPKNR
fbwwltgk NOLQHXYZ
ugjacwpp KRAAUSPU
mfsjamjg INIPJDHK
ofzcujnp RUOJPPXI
bginpaja LEVHQRYE
oaeavsri KLIICYUP
wsodptef PSJNWTQR
bvqaipcl YUCGTGYM
gedhzarw JPQXZTMJ
aweytfsb QKZQECJM
ywerwfwn WVPBRLBU
ydvpvdgm UFEENGQU
zprzlhei GBRXTPFT
pfhuvabt NFTNTQVJ
oujalgdu NABGGTUQ
zajingvc FLHTIVWE
dyhoohqd BKDKAFJZ
xbjmdiwl JOZMLYUO
hdhxnagq WCEZZWEH
fvhuhwvf XHNLFCCD
malomegk TGQIKXIW
ywcpqzca OSUJSEIC
vhycifch HGEZDXHC
cnbvmdzv PVXMWFMW
mjbtwohh YNMZCFWK
ezjvwchv OLAZNPXY
bzqvrntb RKDQUZNC
qfapxuyf PPNAQVBE
yjkkljgw REGCNWXF
jladbnpn IXBISKDO
cuduxklv RDRVUVSS
hfrfshfh EDXYKELV
wdcbwsed FDFPPSHH
ozfwoytc IXLMZRBZ
brstljvz ELTRMQHL
yoqjulvq NZQPGTMQ
kxysurxo BWOJSZBM
kysxtjhk LSNRAFTM
ptzmhhao WHHWKIGV
nhlitiwc FQXGTSVN
bgqsqdpg DJJBADHS
huiwgoic RGYSVVTK
lbiyvzrt QEWCYICO
turoopbu DSXTKRQJ
eirhhlat SOIDVUQE
cdwdkegs NPLRYDMW
embbvnmv DQBOYDGU
fymjsuti EUCRSZQK
eybrzsfh HNZOHPNB
wcrcirul STIGPDPA
dyaekdto IYOMSPND
jsvoppqr DBFJCDVR
uovfwxit HOGRXHYK
jkzthtrw FWIWSJLN
yencokcg VVCFFFIT
hylgdsjx TZFHJLAE
snmdjbfi DWVCPTPH
rgwwtumd LJGBEQYG
hajajliy UCCUBNSW
mcdvtmae VFJGASRW
xteygnpd BPICPMNP
jkdxpidw FNAJXGNQ
xljldajo UNMODOMO
pzyhtrad VGODFVYY
bslaprzc ZOYIJIOE
lesyyxjo XZAVKAVV
rybiiixs JCOKOKEZ
dkulzreh ISVXLBBR
vpbzdkep QYNZEFRF
djvcmhda UETUBBND
aakymijr NSQJHUZJ
ehqrpbre EDIKTCLP
thmyexux WRBOMBFV
efuaocwr USSMTBIZ
fhdlczcb CWAKRBXW
edmkmpjo SBLWRPDJ
qikbcife ODUPUXKI
atugkabd ZFVUAERS
tbpdjaki WMVIWMCI
zwghsltv UZXFHKNC
oyfycgch SXEUBRXO
lcgpcvtd GZRUJPBV
exhttoss CJXATEVD
zydfhkak PGPBEQRJ
pkdnknjq EOCZWTGQ
kzyoaszy SACWCPQO
gylwzinv HJXPQDVW
uthliwai XRPZNIDA
wqupzqrc KOMOPDHJ
qeinxesv JIYFDFNQ
rsamvaut HNDNYEDO
tdnjxxkh TSBRYAZP
kdrqznad ODBWTDMR
zfxcbsne CJOQJGNO
xyscjohg PPVVMXTI
ibspcpzv MEINVRNV
rqbaviay VLEYIPSL
oziywbri ZZDQHHOC
perpbell TNKGQVHL
plwzeavf CWVZSWYN
tcwurzng HRYSAFMY
yynzodsn NRTUKTUJ
wajsoukm SAYULABL
taszdskj FJIQBYDS
wbieacji MFGILKIA
vafxsctv KWNSKWSN
xsapkslr BXQRFKNX
velsxits SYWEFTQK
lbywzymz AUHILDVY
sxcgjazz RBZSHYNG
dgpcmqzn CWFKPZYZ
jyrvlgkj FZWUZRPG
fcfwldqn SUZBUMBW
wgjqbpmj IFCNJMPY
czqnbmzw RRQDFZSL
wdinombc KVKTTFCT
uomngvfs YNSKTCLD
ijjbrkqc MKLSJJAF
ewhujshu YNRLGELE
wloglvif PJGZVXNQ
fussxabx BIKFJNGP
vdapetme GMPCJVHZ
mmnuxlsk TUWCHWUR
hjzaufxu UHUYAHWK
yhkttwcs FYJCENQS
gkcrqxlt XWJAPLNY
ufpwwcfk KXTGDBGM
lnfofvqh UFHHHJDK
udruhngu UALZWHSC
wtoblhjz VWAVOTVT
lrumdxnd FBNAIUHS
ircrsqve LQJUSFDY
ufmoirxi SLBVZUHO
ecwihujb LZSBVZTZ
yzrrqtmu ETAEAKJO
zbxpnizx HDSLCYPV
fxplbrxk IAHXDGFL
bvkvgzen ANQBJYOM
ffabnlcn QUPYMJUJ
ddfnjcua YQTAWWOA
wslpunaa WTYLJXWJ
frtynnkb KXVFXGDZ
wndrejjm QGPDMJOP
ruprjbrz UYKVGGHP
dxouixsj HSDPUCFD
pycknftv DIPGJAJY
nymcobpz NUNTSPEN
zeivqamn HYZBWUUN
nxabpedx YYFJJSHW
bnbglwgb MKLOBJVI
onnozulr FYWHIBKY
aghcbgyh NOGOJMUV
ntbfquve FHATIDHV
nfdprtgi KJBAGGVM
iwuwcpbs HJHBRRKY
jddgyoii RAXBPHFN
bloeurwi EFCUAJSR
gxqpsqhc TXBKNPZM
luevkbcv WILHNPTS
updsnbmj KDMWVUAP
gmbfcasm FKHTCKRA
gzvfsnuj BCSBVWEW
qfusmnjf MJLMTCMS
kbjafota WSBYQUTO
udhwpjnu MHIFVSIC
pfkjshci AOSGSKSR
qenamkdc RDDGMVGB
fqeyyvzj IVSYSRZK
qdhyrtoz ETJZDGCD
iapvgmgw FCKZPJUA
gsphlusg QQMTDDOZ
swmpygrv TTYDRMGQ
lbadbaii OFPVUVFR
xfangqza PCQSPWZH
btempxby LQZAACPL
ibcohvpk DKGVCKJO
cdggyjbm ZTGMYJMO
emtnpdoi DTIFZIJM
ahthbtnt CWEFBVUQ
qjqiiaiq OLGBXSYM
yzgqidmi ROPUNHKJ
ccjpjlul RJNAJIIA
niuighdx LDDOCUPN
fhlwyiix HPHRPNTE
hdpyggfc FSOZNPKK
turlestd VVPDZJRH
bcrlrydz WUINNOKI
bghephjl BMQMTQCX
wbknfaai VWXDBZEZ
kphmfuyy VOFYZNRA
higfrzkr SXQRYBCF
djjabzje PJXYPGVM
dtazhwip KUIHLKWW
qeriyvms MSAANJIO
mxqimbcf CWMOFUHJ
wzfshqmc OIJSLCQJ
wsdnkqrg KTZUKGPM
wwcujkai VMCPPWAP
fwivsuue DVROGZGJ
iybipfyi UASNOOLT
hhqgnwvv OQMYUCDN
jteglmqo HVRHTWYR
rsgruqty TIDCROCV
nnkmsskm VXPLOLPM
uvgackgn ZYSIAXAW
frtdopju KGPMZGDC
duvbaxka TQAIXKLP
epcdwuob ONSHZGID
jngacbmd GUIGKGWP
tfqfzdno JROBHSGB
bkiunktq AQWJEANF
msbmmzyi FJCVYDZG
jxrbedfq YDKBWVTP
jstzeynf JQPBKNPA
uwuipjva RXEFUBQJ
ckuzbcot XGPZCLOB
llbhisky GPRPJPOE
gjjtlqac EPCIFWMX
actnrjxl VIRNVSWA
kfqdoqwx DQXPRXCN
sqbcsmyv YRJAKBYD
txiwtnib NQBLBMZW
uuycxgvu QHKZBNQP
bajwhsgw RPSLYELE
jypxtyry TZHELHJM
qyvghwae XOCNOWHY
mgxlexqc XTTGCRKD
erogvsxc DUBPKNPZ
xgpxfzqa MEAHLUYF
zlqkbvvm JDBPHVMB
skrjtgsb XDSYMNCB
awbmmxwa IJEDNWFX
rcgzsujv HWPIDFTG
iiovuuof NVVPERST
vcievydm NZXLMYJG
jzcwhevg WKHKAWGC
rpzmwzir SSBMVFSO
kbtowwft GVUHPSZZ
qqghtmjn ANHDWOSB
hcjcdbjj OVZCYOZD
lmwkurgz GFTDLRJD
xebapdrk ZVPZPGDZ
qdloslnx SOITOGGI
soncrerm WDPQNVIC
xldsulzh DOBRNFHZ
mblztdfp RJFMVDRT
jmidypnm OSROTEBT
xkpijwkd POCRDZNX
srcafica EPCENINK
nltziwpb ESMBWDUJ
wkzfujpe UGZDYXOM
ejtitfbj CEOGYRHE
jjzpjwls NZRLCOEL
ptbeacqs WBUOJYIV
rzihlwyl NAPRHTPO
hplftcya PSTGCUTJ
gteilrnj IEDEAPLY
iepwkhbf AWKMCGBA
pgsthapt WVEBKOIO
mmcrgwgy ZORBNWVW
yjnynrwq UTJRONLE
mxbvmbdt VUAZBQAM
xeqdljxr WVQUQLLR
duhyzvlt MIMMHFRF
eymwsakg JOXYFQDG
dllaguza TQRPZIPP
xevzsbnk DWLTKKGQ
xaquokon JEUBDQMV
wpfeibir WQHSNHFU
usfsbbxo DWUYCUJO
mulaqwwr UOIEDYUZ
pqwrkwbe MVYEJKJQ
inkutobz CPWCHGVS
sbbrkrzq SLJWCLDJ
owmxsytb UBWRWXJA
hhsatcrh MWHCXIJO
sivhicfj ZOZNNSBQ
rxkjliey WVJCHCVJ
hbkonufy LKFTJAFP
nxrbeurl AKIIBFUG
kuhofegz UXFJZHIE
xcavsjjg CQDOUXPE
rvwamshh QBDQVSIO
hakubixh IFNAVXEW
tmdzwfaw HFAHMXPE
urvsrdtk MHXIOPQB
olqamzzy IOSVEYTX
zmgcxoih IYDQGWIR
uyuelmkq LAVAAKXL
ilccxuhk AVOORVKJ
luewpmmq XWAQHZRW
awayvsrd TZVITMTR
ielagsko WNHOCLSA
gnscckaw DKEUXLWX
xibvpjud QTROTGDO
uxbqbmao UEIQVHIU
ghpietlp KNQHDIXX
dpgycvjf ZVGPBDPG
ljkbdnbw JGHUWJPZ
fflquhyj EKEJVROG
quanbuih CIOZJQGK
amrnvzpo QWGQMEGH
nxvdgtle GAXDGXFF
iohfsisb RFTNXEDG
zpusdkwg NDCYCHDN
lvrhuttv HKITAVPA
opolgnnx LKEOMSBP
sarhytmw DSNIQGYY
vudgfjwk VSMSMFNX
mxspamzj WXAXPVZX
dedjsexv MNQQVWSZ
fffynsgs TFZJHVYV
cbvwcddg FDIYYYIU
zxfajsoc DIYKBBMJ
mjrpmagt OCHZUBPQ
yfhdfquk ISMLGJDH
pttrvwpa BYGIGJHA
vjurmavd IPLNKZIU
tsrlpmme QJRFHQYA
qksjgdwi NTYOXEIJ
yxcaaipe PODXDDWY
lozxcull MQLZBKBN
qojician ISFCFNZS
rdtcfuvj OZHMGSIP
ylxcgwyf LDEZIAIR
ivhhipwn CRYRKGDX
btfyuibg LHJEVWAB
qsxhorgk WVAOYOIO
fsdrwjmh RPJBJGCT
ntuyqoxy ARHRRKTQ
qungavvx YXDIYGEA
lbiuvncy GYBGJITS
jyhzvqrm INASKAYK
gzhgioqc VDYIGVKL
nlrpjrhz DZHGSNYK
lekirnec FFLIAQKP
tlmcsoxp RZHKYIBT
wothvenn XUCPBFQO
vnjioaba URMLAMWP
qtlanuan DUZFPVLS
unacgvkm BHIXUNHG
lejgyxki EQVCGQSH
bckucbfu ZFLAMBNU
rgvwnzao QSUEVSPO
qqelchcs SUAYHSMW
zflqioqe YFMKOJBZ
ekokyvzj DYBMWNZS
quaswqfk PNTYZAED
vciltini ZJUXFDDJ
asrhdval NFGQHNXR
nlbkanhg SWCZVLBA
smbjcnrb BUCELHFA
gcznyhfq GBEGCVRO
nerbiuey IWZADIAB
vqrcmwoi BRGRCZWH
gvywbioa UWJKFHOF
ttgrwyet MTHLECJY
aeyduppx DPXOMOJG
odmvmtsm QPWFWQHB
mhezbmxj TDCUXMCN
ryomormt DSWQZEBL
repupoir WAEZPBBZ
lsifchjk QIIWNXDE
slljobbc AQZVQMIY
poejnptg WIZODJAJ
ekemyaoc WFJVSXNI
cprsbqqz GZLYHQVY
ujklojih LVQUKCST
zcsumvqn OKSKYQIT
vlsrqsov RLMGWHKK
yojlwfjr HEBAKDEW
lmvhdbjx UIHJHVZH
techtqwa UGLUORZF
jpgbcqxy LMIFRJQL
jbzoisvb BQEKDQEY
idsaootx OZONHIAI
gkilnyoi HDKXGHSX
dpmsbvrc WHRYHHRH
qaoumkcu XZAJAIRQ
yjumevch LRDMKRMO
vuiculgu JQDGOMIN
slwyfkss GXJTXJTI
kgeonneg ZJUAHOLJ
pgqmjfft BQQTKWJZ
gacntsiy WZKGTSDX
tgdxxutm UEFOUEGC
geylruem KMUFFGOD
huqcvktx VVNLGGQL
xkyphlrp MZINHMBN
qbfdfopt KDQLSSMO
udxzcgti YJDQWNDL
yzwgivft HNZUZOHJ
kzvgscoq QYQHFTNE
dyqljbli HOIIMJJC
eilxjnns JTKVTEGQ
mpbvantc ZNAZPAMZ
gsjbfmag RKOKQXIH
namsfeir SGATOVXD
lqudukjw GLAYQQWO
cmektjxu BDNIBGOR
ynlfzkxr SNMQCZQM
epbijpbv BEEYLWUX
rvnfkahs HVAIKBUS
fxsxxqap HLYRYEGS
wxlqupsd QDXNXRTO
zjqkuzju SSORLEGP
fidivjxs UWQPCBVV
mduyvutj UGJFNGJO
zjdtzojq OUOGLOBY
ifaevmvx VTFXAWBD
grdxeolm JQLGSFUC
eboyxtle THXIIENB
jxtilpda AEIXXWQU
btwewzdc FBHJLQQU
uqoaayun ACIRZVDN
pzerrokj RGTPKDQT
ulcwlpqt MLIECYBK
upxnhqme SKNUJXTB
lhuzcsdz IPNBQSYS
facmzlgg TPIDLKTN
wsyhbztm EWWSAIDP
fhhnrofc KSAEBRWV
fenjmhoq CNAFULQC
mdlexfue QAWQUPFW
xgxdppyt TADGQNQN
fzmfiktd NVCEWSJS
fxmmhott FMGUZBNV
tnhiqquv FNIHCBTL
udqmzwwf UKGLWMWU
juslqswp XTHEPPUW
zlsfqmov HZDUDEPQ
yrnawzxb QXMXBMGC
vnrooyce RXMNFNCW
tbpmemil UVFELUDT
dkvkpuit ARTFRXFJ
mtaukkwi ZYCOPVQP
bdjaguwv DRHKDEFF
xmtnisvw SZFVFHWQ
dgbdogcw XBYCGEPH
zqrwuczy NNVGWJOL
rlqvhsrn XCGLFIOH
drueijgc DSAAAFFS
sbafwivs OORGRURB
yplaokwl CTEOEVXI
ismdlneo NEQIEFJK
jbljqnew DHTDWZYW
izctppom HBLNNZQQ
uxbisabg HPDYCQXU
niziaxkg YNJIJHVR
haeuhpah WKAIAITQ
chaaocaf IBTCLMSE
oaysihql SUTKCTJX
ppipvdpr XSQZUZVH
ccnjyffz KJAIZGFF
xrrfdwiw UOEAMFQM
oukejmaj YIWVZNMP
hytkjasc CJJYSUFV
xqqmgmnt RWBPEQSG
fjiygsvh YYKYSXQW
hltkdlnz USRGBIMO
cchknros QOSERBZL
osrevste OXAUSZSL
cwnaonku JYLJAMJN
yymmnmbe DPUSHVQP
zohxirkg PHCYHJYK
mpwyidxi OBEVZKII
skylbspe TPKZSFAS
rkkclykz LOWCCRCM
hrzhdlxj ZRUDRXUE
vtryuckc ALZKHWAG
cbusyjlm OSDVEVNS
ehgygmwn YTYKSOSY
hcajynfs DRMKLADJ
uzxpwqjo LGPZCLHL
hhdzgqet BWSLGYNR
xpxelhdc HCXTOOEH
eighhjsu HCYDCQHF
ipmmntod RRZRPWQJ
uhoeovpo ZHZRJHKM
ildiyeeo PGVOPLQE
yxcmghbr ZNGJPRCI
fvrqiwau OTOLFACO
xtaxeseu UTNNFCRK
oapkfzsr YQIHBSMH
vyrhhvgy UCALLRRD
xlfixgsa MOWVGBQM
wateknfd MMJJZEEJ
nqhfnydm CAFGELBE
qmqbpbkb TCQOHSNX
lzzojbmk ERYPTZOP
frndhylj HSCHGHSH
xfckzxev WCFZPPHI
ndqslgkz FKJJADPX
gnzbfhuy LPKAEWNR
sdgrorya RCZQILOV
hiwvqbvt FIIGOCZD
oounqqhf TODWNCAO
zkwpfjpx NSWUWBEU
ocqjrntp CSUGLHBB
wfxinihs IPSDOIME
vaecgwuw UGYZYQWS
ujakvyqe HBRYZENA
zeoofpoh VMOIGGFL
biydrlgw PALAKOHN
rxfdrcri QUDAUHCX
tfyfgktx CXDYCNZE
jkzgkgzt CAOOVDYP
ejtvhvmm TAFPNMWY
vufvpnnx HNWBNJFZ
zkffcpxu ASJHEIJA
ojgxdggu UJLZBBYF
pvrhjpae TVCEGOQW
zxuktoto CJPUYGMK
wgyfvvvf OSLCPZHL
egoffzbz LQQCVAFX
gijnlrji DCMSFVBI
djnlmtko PPUBQPFC
qstxtcsx BFNJOMTI
mngxzrmo HHNFRPQL
qzojqyws NHCUIHMN
quqlrfdg EYDMXFMD
yljonnid YHQLIZGD
fnazxoez ESFSUUDH
dlszcdex UNQNNWPQ
rzprixmz HPLSASXM
rwzjqmop VIGVFGPW
gngmmgcl WQSFKLRF
vihgxevb YEZGGUSS
pkfwkrpn IDOBGLKB
mciresha TPAFIFKV
zhetjgdh HLAHVTXX
qytsdbcm FWUUNSTC
foqjijrd KPVHZAYQ
gpbpctrs OQGEYZIQ
xwcqgbjf NWHVKPBR
azzrvddm LTAVGPOE
btdatqbv YAEGFGUG
slunhrcy BOMQQTUV
kwxgeupc LCZXFTLB
ndderayc BFHMQUQS
ixvndyuq SOVTSEJA
mvdrynln REAHYSSY
lfkbavmn FJRMCIMK
amqafyii VGLADTVJ
fsyrukoo UWDBVPVR
rwxvzvks UHWQYYUS
onrxghew QNNSXYXS
drblnoij IYEQMFDT
nsarphjp NSMRLNSN
xtmqvlpb AOIBONMH
vrulxxlw EUXADWUK
kzwmlfxo MERHXNNO
chmkbdmu RGNWYWXM
zvzwmkwk RXMXPBRD
tczyvpuk BULGYQXZ
bghybxvp TYEAACRV
hailxhpt SYXCVMFT
zsqvpffe AXLXGSZX
sbpprdnh SJIDELXQ
uyavqmkk BXKBMBPK
wjtgauac QRDUJQZN
ykiuhcgu LFQBLOTN
jvagufcj ETQIYHFY
aizzgcrr XPKAWMKE
kaeyptin TJMATZJJ
jneeagtm FAJNLRIA
llonneoz OAUOSBEO
fbarybxc DMUETHYC
ytcpgmjj IDOGPRLE
ikgvazpv WRPLVYHJ
evywvrpt PWUCZEGR
ygmpepgt JZKKHHIB
hevuhmsp EKUCWZCK
pbubekdn VEXJDRHF
pkhgpvzk CWQQZFZE
psrlsazz ILXNDFEB
rgpvoeza YFLHKCUU
pddayjie LYCMDVEZ
unjztvzu UKFBXVRS
dmgtggth RJRBNMVR
xyustaed MBFZRSGY
jayoeifp OVBHUWPK
sdqwfabz EYDQRVLV
sxsvhivx SNIMOBZS
kgktnrho GOOOMNWH
pliybgef VJGWNPMW
fjhaoiun QNRKYGYZ
kopcpqca AKQAKGJE
ljkldrhb SISIOPFM
juzggojm EUKQJZZK
ocljkgmy ZWDWNOEG
cmhhynso VSRZRIPL
vrfycgny MGUGBKRT
nlrwlrrv BDUGOMZX
vuusnnvz CQJYXHQS
fmdrvdzv KXSZIWRF
htxadxfm UQWDXRNL
iemewaas CHUKTVHD
pvnxjhsd OILWCBCS
uugmauyt JTDEZFQB
tzqfskgq EGPEJGWR
ndsfbglq RHTXAOGL
essbbqjc IZWSZMYK
cracvkym RUKKFWZJ
rafhprmb UVTPFAIY
cziuhtny NHTEFGDD
qcsrnvpy PZZOJVWK
reafnryu MVPPXPDN
ehqxmyaf WSXVZSGV
bnelbgeh AQXMLYWD
oagckyvr DPSPHIQE
rgcbmngb BPJTIGPI
bglwkvez ZOQMFKMW
sikyrcqt QTTDEBLM
xbcecpcv XMNNJRFL
kuvqnrkx YVXDXBPQ
oqbrmmtz JZGYMCOR
zukbrxpm HQFWQROI
vyevpzfe ZWXIKLNT
qbacbbdv MFOFAOFD
peniwoqp UUEMNOAD
vvfvxejb QALISJGY
oschiuxl GFARBEYE
yxramahr FVRZWELQ
cjxjpcuz LCYHMGUC
csoyqlnx BEWZVRAV
jlqkxprr RUZQZTLD
sxefwgfo ZPETNXNL
uoisgkru GHLTPRKQ
bljekgmy HAQZDTPT
cdrlrbln PAGSXNGK
ayrztpyt QRTVEDSK
saejsufv TPTCCGXV
lfxgkxxa CPDDVOBT
hdoieatp HHYZLJDU
qtpfyakd EEYONKKP
xccfdafh RRPYAQDI
iftcwvyx SLQINOCF
krouwqox HYQXEXWU
cetxqttx LZNYBLCF
hvxoflky NMLVAXVH
foygvtep ZUFXLNUA
eejyxdcw HUWBRCMZ
uhlvmeps CTDWWDWF
shuaftwd BUTYBOGQ
hwpchlfa YNPIIIGL
vgpgwplf QRXZFOLD
rkxmowcw XVRUXDIN
capzwefb GBYTGWIN
ccdqnlqq IKBZDHZR
uobssfeu TCOIQWHS
umomxqnz RQHVVWUI
tznwrpgh DJPEITMA
kaonpktm PWGCEADC
rggibfox LDEJNNIJ
sczdkczi NNDHBLYM
ozhgvhht WZHNSHXG
lvlitioh LMEIUMYY
tpvpexaq LUXBISZS
dtmizkbz KCFPQVEL
etywypzd WZYXSTDD
honfwrhy XHKHOUZG
gazqnqey REPBQHXB
yndjfdxn RXYPLOYD
lodjnvcz EUGMFPJO
tnzecrje XBIFDTDP
xtepcacz YKAHWFPD
rlwzndwa ZVFVEROY
wtcowkwi LDDJTNIQ
owdjfiqr SCQURDTL
hygeczdo NITMBFRP
tebdorpu WTJBMFDY
lcdqxwcq QPOICUUH
aeysgmss EJVPQEGQ
ozlwgupz NPRVBRCQ
ogjifjmm TUHHSDNT
rgqjxrud PDBTWCNJ
nfnhtylh CGASKZWW
lqxhfvxo GOAZMVMC
esaqtvrt CKAVZNQV
eakbayeh KUFDBKAK
qveldstg WFXATSLP
reqqgwuc DLFJMWON
zbvnqkqy PYGXAKSB
aprddzbc XSWTLITO
azugqhwq RNUYBSFU
zydrpgqx SVYSPMTL
sbsiqqhw ZWENDOVJ
erpxbqkg HSTFJUUF
iapmlldx PYBXOXPN
jowxhhjy ETYJUXRX
sqpqcyzr IFZTICGJ
wawqszvk SEVADUUA
zpfddmot KGNBCBTS
exguhtyk FOVJLMOA
qeecdlls XSZRKOFX
rjlbgefz OGEKUWPX
wnszdcaf CCOFJAAU
hkwxdgak DOLEOTXW
htiamjfn BPTTPAPU
ouivpxwk ZNFSUMXT
xiitizsf EXCBWKNV
waosgqtw BGWQRBYQ
nhdjaepd BVYBWCWM
ypxrchla EWPXVSSM
djuobljs PTVMDRCR
jyjdfxou JZIEMDOA
swwtwfgo JQJIGFRF
vxlomwac YLTVGVGY
ztgtzwzs JVNDLMDC
wrcfleev JBADKKYW
ppywwrgq VDBQJKEH
jpvooxvu XMLJWDNU
gmpnhclb WRJIZAEA
jsvdbomf TWSEAOQN
mmishjxf BRHBYHWU
kfptukrc GNVGPGCS
qugewygw PBNLDGFZ
qlmkypzd REPBTPGK
wrzeqihr MCZFMZEL
byqqdxfd YADEADAK
zfwgtvyh SRSGPUEI
odpgwmyp FGUPFRKR
awdwhekh BFLUCBXT
hzviqnym PFJAEVGI
orzvqxtv CNNDXTQE
ewtwyxfr AEPYKLQU
ecdshbxa LDXFGEZP
ffzjimtk MECPSFRS
mkwzumwk UUJDFIJT
