66
95
22
68
61
19
82
93
72
20
97
76
87
89
43
96
58
47
61
98
27
91
73
94
40
66
26
6
96
73
28
71
60
41
5
86
25
96
94
60
40
81
76
67
34
33
22
95
86
81
45
85
80
12
85
33
99
54
75
84
21
44
54
51
45
50
16
23
55
4
27
4
20
98
71
72
94
13
52
78
56
23
3
12
78
5
50
32
56
33
15
34
54
21
6
81
97
66
49
46
63
66
29
97
80
59
97
74
33
62
38
78
29
59
19
68
4
67
32
44
9
18
90
50
89
54
57
44
48
51
15
69
