PP
TT
AA
WW
MM
OO
KK
XX
MM
JJ
CC
HH
UU
VV
EE
NN
NN
FPF
BTB
HRH
ZHZ
WKW
LVL
VCV
WMW
XDX
TDT
TJT
TIT
BEB
GMG
ELE
EWE
ZRZ
WQW
QWQ
WQW
JWMWJ
WQWQW
