*101122**4***3***33**4*3123*4**22****34*22*5*212*11*23*** 
2324*3*45****445**4**6*4*3***6*44*645***34***33*3124*6*7* 
*4***55*4*545*4*44*4*6*535***6*4**5*4*66*4**5*5*312****5* 
4**65***644*4**44*433***3**7*6*43*5*54***4334**3*13*6434* 
****5******46**5***13***533**7*534*6**55*44*4433235**32*3 
3*7*6***8*6*****34334****445*****4*****33****5*33****4*3* 
12***7****6****323*4**76****6***6*6***43*6*7****4*7*5*232 
123*******6**5222**5****346*7*6*5**57*43*6*6**524**5*222* 
*446***8***4*213*545*53334****414*7****44***5*214***433*4 
*********522222***3**523******303*******4*55*433*****4*** 
*7**8****5323*44555****6**6*6*414*******633***4****8**554 
*6****7*****4**4***6*7****434*4*5*7*5*6***236**6*7****3** 
3**6*5****44*5**454**5***5*3*35*6**4424**522***4**67*6543 
3**524***633*444*3*556*53*4*3*4**44**13**6*335555*******2 
*6**35*7***43*3*3*3****424*543*5*55*423****42****7**7**6* 
3**4***4*6**44*44344*7*4*3***425****42*5***3*5*7****4***2 
3*33454435***5*4**5*5**32346*4*5*7**4*45*6544*4**6*434*31 
*333**3**3***6*43***6*433*4**54**4**53**6***6*644*22*3332 
3*4**4*444345**4445**5*5**4**3**445*4*4*********54334*3** 
3**32335**22**4***23*5***5554324*3**4345*6***65****3**333 
*65422***43*6433*31236**6****314*545*5**23****3246*54432* 
*****446*44***344322*****457*4*3**2****311235*534**3**3*3 
467***3***6**5****4*45**54***5444333565311113*****4223*4* 
*****55*6****43***4*34***4**6***4*21****43*34**76*43222*2 
*7*53**3*6*7*214*5334**43*6*7*6*4*435*7***5**6***6***3221 
4**324343***3334*3*2**4223****5333**5*6**5***5*7*****6*31 
**54*3*3*6532***332334*33*4****5*55*4**6*42335**434****5* 
**4**525***324**54*32*4**4435******235*5*2002***3013*5**2 
*44**6*5****34*****6*44***5*45**64222**322102***322322343 
24*6****5****4*77*****35*****5***324*6543*1125*6*5**224** 
2**7**66*5**56****55*54**8***7***4*******333*5*6***32***3 
3****7***445***6**22*4*********54*6**55*7*4**6*5**6323*42 
*45****522**5*55*5223*55*45**6*45*7**55****44**45***2323* 
34*445*423445**6*5*35*6*423*5*5*********6*6*435*5**5*4*53 
**23*43**3**4*****4*****4*335*5*8*6*44**54**6*5**5*54**** 
*424*5*6*4445*6**44*44*5*33**24***43324*4*****4*56*6**7** 
23*4*7**43**5*5433*5333*34*4335**42**35*424*6433*******6* 
3*55****5*6**5**23***3*43**42****3344***5334**23**6*665** 
****5566***7*6*44*6534**34*3*5**33**324****5*54*54*5***5* 
**8*4*********4*5***34*53*3446*534**3134*6*5*6***43**435* 
****44****6*65*5**5**4**434****4**322*3*4*35******33323** 
25**33*6**42**5**53334**4**6*65*542223*3*45**445*55*32**3 
14*5*323**434**5**44*324*55***5**4*5*4234***521*3****4553 
3**43*2334**334*6****424*6****6**6****23**5**234446*6**** 
**5*33*3*344*12**5**5**3***66**6**6**7*4*55444***3***4442 
*5*3*23*4*2*4324*54*4433356**45**6*****44***4**544**43*20 
*424334*5344**24*5*4*3*32***6*3*4**65*44*****55*2*5*44*30 
*43**3***4**422**6*645**45***45345*4*5*4**544**3445**5*52 
3**444*5**5*32356*****6**4**4***4**42**3334*4332***34**** 
*55*3*333*32*2****6*5*5*44*5546*5**323323*5*4*124*424*7** 
*3**44*322232335**4334*5*44***5*44*54*43**6*5322*44*5*5*3 
2434*3**22*3*23*44*4*4*6**3***6*43******5**5**23*4**6*521 
*3*4355*22*55*5*44**5*3**434**5*4*555*535***44*45*6*6**21 
36*5***3224***6*5****33445*445*5*3**322*5*53*23****4**65* 
****4**33*6*75***46*42*3****5***4456*212**31124*6**55**** 
4*65545*6*****6*4*3*324*56****8*5****4235*3113**45**5**74 
*4****5****55**454434*5**4**7****5*55**3**42*4*6*5***6*** 
*5345**6*53*344****5**4**44**46*5*44**45***324*4*5*5*4*6* 
**33*6*6*312*3*656***445*43*43**42**543**7*42*443*344434* 
**4**6*5*31325***5**5*3**4*4*34*424**3*55**5*6**323***4*3 
3*33**5*54*4*5*5**5*413*4*46*32**45*65*3***6***6*33****4* 
23434*4***5***54435*522244***323******446*6****6*5*5*634* 
1***54445*5*6***5*5***32**543*3457*54*4***6**6*5**44*3*32 
24*****3*4*4*55***6****24**124*****312*444***33*6*5*4323* 
*34*6*6*3*35**33*5****523*422**434*32233*46*423*5*6*6*23* 
23*45**555*5**3335**7*3*44*13*52012*2*3*5***43*6*6****22* 
2*6**5******34*4**5**444**544**1012223*5**6**5*****7*6321 
2***5*6*6**423*4**44**3******44322*103*7*7*44**56*7****31 
13545*5*45*42*3345*445*434**53**4*3335*****55*7*5***54*4* 
24**6*522***334*2***3**4235*6*5**44**************67*4336* 
*******234534**445*65*5**4****44**4*76*6***7**76*****4*** 
**7***44**4*5***4****34***6***55*55***44*7*6****66*54**8* 
5**5*42****5**66**7*7*325**6******4****34**5******4*44*** 
**44*435*75**6****5***324*7***6**56*6*32**56*****44**45** 
222*4**3***7*7****4333*2****54*55***533234***56*54*6*5*** 
22214*6434*******6*1012335*5*34**545**3*24*54*5**5**5**74 
**424***43446*66**33211*24*54*5**5*5*7*5*4*33*5***55***** 
****5*****4*5*5**54**334*6*5***7**4****6*523*4*67**3**5*3 
**54******5**4****4*5**3***4******33**6**6*435****4343422 
45*235*5544**43345*45*4345446*7*754345******3****54*3*3*2 
**334*33**456*433***5*54**4***5*****4**6*6*33****6**54*5* 
333***45*6*******6**6******5*5*5556**435*532225****4**4** 
*12*43***4*44**5*4**4**44*4*23**2**4*21***2*102**4223*33* 
