234****323**********4*31101*3**213***12****33*33***2222**11*4*4***5***31012**213*4222**12*** 
*****6**4****656**5*5*4*1023*333*4**534**7**3**5**32**443224**5*5***7**313*533*4***3*4335**4 
**8*43***6*8**4**6434*42323*322*23**4**5*4*4323**3124**3*22**5*346*6***3*3**24*65545*31****2 
4***314**4*****6***4*44*4**32*33334*55*3233*22443101*34*4*35*644****6*544556*6****3**3245642 
*45*324*5345***5****5**4***434*3**23**533*312***3112223*32*4****5554**4********8**3333*2***3 
3*23*3**5*3*3323*655**44***5**35*522****5*4246***32*33*33334*67*5**35*5355*5*****432*32346** 
*324*423**4222234**5*43*5*6**5*3**223*54**5****6*4*5**6*3**33****66*5*4*4*323***4*2*4*22**64 
*33**31344*22**4****5*33*5***52235*3224*54****65*43*****33*23*66*****34*5*4224*642224*33**** 
12***33**33*34**4445**34*6****324***43***35*8***4*4455*533233**4*7**5*55*5**24***101*45*56*5 
01233*3**45*32**43*4*5*4**55**6*******566*5*****54**2*4**3*3*446**655****6*65***53112****4** 
222122444***5456**44*43*6**23******7*7*****67***5**5534*34*534*******6***4****66**2124*76*7* 
**3*43**23*********333*3**4335**54*4***67******6**6***4434*6**66*66***443446*6***42*24****** 
*55***33235*7*65**6*3*2223*4**6*42234*4***45***6**7**6***5******3**444*32**5**56*322*3*7***3 
**3**432*3**7**23*4*4332123***5**23*4245*535***5****5****5***6*3235*44*4*6**45**4*43344**542 
45444*3*45****322333*3**23*7*54*43**6*4**5*****45***55**45*64*4433****4*4**5*4*44***3**44*2* 
***2*34*3****312*4*32*33*3****312*6****6**44434*6***4**65**6*5****6*435*65*44*44*5**545*5331 
*42224*323564314*6*42222235*7*2135***5*5*53*213***6*55********35***421****4*5**4*66**3****31 
23223**202***3*5*5**21*11*4**323***53445**435*44544**5**544**544*7**4446*55**444****6*556*5* 
3**5**5202*546**4*5*2223235*53*4*6*33***6*4***4**4*6**66*3245***6******5**6*7*4*5*55**5**4** 
*******32223***6*6*323*4*4***45*5*44****7*6566*7**4******5*4**6******65*******6*533**4***543 
24*6****4*33*7*5***53**5*6*64***5**5*7************54*6***5**33*56*67*6**8**66*6**5*65557**3* 
0113***6***55**65****534*4*4*6*6*5*5*6*446***65*5*5*5*454*44445**5********6**3************42 
23335***66*******655*3*32314*6**3*24**422****5*443***4*3*22*****6***767****43324*6555*44*4*2 
****4*6***44*******21335*434**334334***44**6**5**5565*5*322346*5********7532*3333**3*444455* 
5***44*7**3235**543212******5543**5******6*45*6******4**54*43**54****65***334***55*55******* 
**754****5*22*44*12*44**55*5****6***8*7***4*5*6*66*6*44******6**44*7**346**4**7***3***8***** 
4****5***423*4*4224***5*44*54444**6***7**6*6***4**24*33*54****5*4*5**43**5*6**6**3346******5 
3****45**42*35**34**6*42**4**33*44*56***6*****7*5322*22*434***65*6**4*3445*5***6433**4566*** 
3***6*4***423**5***45*54556***4*54*3*****556****6*223333**44*******3324**3*335***4**53***6** 
4***5*445**45**4355*6*******756***344*6***3***6***43**4*7*4*56****412*4*43111*444****446**6* 
**7*54*4*4****54*3****7*6*6*****75*3*23*5*44433*43**6*5***43**6***524*54*311234*45*6*4**4**4 
**5**4**2336***5*4246**5*5*6**8***4*334332*3*334334**34**54*44******4**4**33*5**4**43*4434** 
*55**44544*5*5*5*324**7**4*6*****4*23***4324*5***4*434*54**5*325**55*6*44**4***6*644*5*4*35* 
3**434******444*43******323***5554212*****33**67*6*33***434**325*6*6*6*23*54*6*6***5*6**32** 
3**21**6*6*4**3*3*35***5325**64***21235*6*4*5*****22**6**45*53***7****445*6*5*4***5**6**435* 
*544334*5*2233435444****4******7**33*34*53*34*665422335*****3*5******6*******3*4**44*5**5**3 
*5***35**3324*5*****34**6*5*5****32***6**44*43***5*32*3***42324*6*7**6***555332445*33*6*7*6* 
**665***6*5*****6*43345**33223**52125*****4**346****433443224*44*4**6***44**21*3**33*4****5* 
3****46*7***65**6432***544*1136**4335***65*66*5***7**5*4*34****5*433**422***4445*55*56*765*2 
125*54******4*5****335*4**422************4******6*6*****6***6***3*11332136*7****4*********42 
223*3**6*643*4*56*6*33*55**44***7*44*66*56*8****53**8*8***5*44*321112*34*******5*444*445***1 
**444445**2225*5**7**34**6***6***4324**5******7**45******444*4222211*4****6*45*53*12222*4321 
*6***3**5*22*5**5***54****55*6*7**5*5**5***7**6*6**5**6*6*5***21**3445*6*5*435*5*322*44*2122 
*6**4*44*212**534*7**5**7**33**5****5*5*6**6***4**5*546*6***6*4233****4*46*4****4*24***322** 
3**532*432024**34*7***6**6*32*4*5**6*6*5**6**76*544*4***5**54*5*3246**43***44**5*4*4*6*42*5* 
2***213**223*7**4****6***5*42222*5*6***7***6*****4*56***45*5*4**5*5**53*4422*5*65*6*44*4*44* 
136*314*6*3****7*6*6*6*645*6*20236*6*5***66**54**7****65*4**56*7******45*32345******4*23**42 
01**31***35**6****5*5***3****413****33333****334***7*6**44*******54**6****4***35*7*6*5334**1 
125*535*6*5**44***6*6**5*4***4*3***33*2135543*3*5**7**6**3344****2134****6**5433**5****3*431 
3*6***4*4**44*335**3***42447*53445433*32***3323*45***4**33*213*64201*455**333**34**6*54*6*20 
*****6*44443*33*34544*43*3***4**3**2*34*7*7**3213***545544*3234**3234*3*5321*5*23**5*33***42 
4*6*6**5**2*23*44***213*33*7*44*544312********202***5*****4*4**6**5**34*4*323*533*5*33*6*6** 
*34**54**65334*6***3224*324**23*6**42236**45**201233****634**6*5****5*425**23***425*32*6*7*4 
*32**5*7****4*****633**44*5*435******23**423*321100124**4*35**4*4*644*4*5*65*55*4*6*323****3 
*545*4***6***55*6***4***3**44***66**5*3**43*443*3332235*43*5*6*433**335*6****4*45***32*5***3 
****433*33****313**6*543445**56**5*5*2224**5***6****4**55*6**5*5*4454**6**6533*4**7*34*54**3 
*****12233566*4334*6**32**6***5**6*311113*4*******7**7******6*5**5***5***5**213*6**33**4*44* 
4**6323*3****5***33***6*6***64****44323*534355***6**********5*5**5***53323**214**423*5*43*21 
*5**33**65*7**6*6*434***5*7**34655****6***4*4*66**5*435****7*6*6*547**33233423***412*545*420 
36***5****5**7**7**33344*4**55***5*7****8*7*7***5*32324*7******6*5***5***3*3*3*6**323*****31 
***7*6****5*******5**43*4*33******4***6*******64*333**6**6**66*6**45*32434*3123*5*5*56**7*4* 
47*6*6*44*434456*55****5*423343444*455*5*67****33*3*******5**5*5*54*3201*223324*64******5*42 
***6**4224*33*5***4*6**5*4*2*212*44*5**32******43*33*55*55*7**4*5**3*211122***6***46**8*634* 
233****11**3******32*323*3122*12*3****311234***3*21112*22*****32**322*1001*34****4*3******3* 
