1,1,1,1,1,2,2,2,3,3,4,4,4,5,5,5,6,6,6,7,7,8,8,9,9,9,9,13,19,45,64,66,79,79,583
