135 162 52 164 114 60 162 144 88 86 77 127 84 158 58 116 90
121 98 109 142 67 148 143 43 48 114 110 8 141 94 122 50 101
77 104 71 137 140 124 122 85 59 88 88 124 34 135 69 71 99
