CCPXD
ROMZV
TMSMS
ZYEYU
CAAFA
UZRUL
ZTRXF
NQACF
PCDJP
9